
> customer-data-management@0.1.0 build
> cross-env NODE_OPTIONS=--max-old-space-size=8192 prisma generate && cross-env NODE_OPTIONS=--max-old-space-size=8192 next build --webpack

node.exe : 
Environment variables 
loaded from .env
At line:1 char:1
+ & "C:\Program Files\
nodejs/node.exe" 
"C:\Program 
Files\nodejs/node_mo 
...
+ ~~~~~~~~~~~~~~~~~~~~
~~~~~~~~~~~~~~~~~~~~~~
~~~~~~~~~~~~~~~~~~~~~~
~~~~~
    + CategoryInfo    
          : NotSpeci  
  fied: (Environmen   
 t variables loade    
d from .env:Strin    
g) [], RemoteExce    
ption
    + FullyQualifiedE 
   rrorId : NativeCo  
  mmandError
 
Prisma schema loaded from prisma\schema.prisma
Error: 
EPERM: operation not 
permitted, rename 'E:\
GitCloneProject\mdm\no
de_modules\.prisma\cli
ent\query_engine-windo
ws.dll.node.tmp28684' 
-> 'E:\GitCloneProject
\mdm\node_modules\.pri
sma\client\query_engin
e-windows.dll.node'


