
> customer-data-management@0.1.0 build
> cross-env NODE_OPTIONS=--max-old-space-size=4096 prisma generate && cross-env NODE_OPTIONS=--max-old-space-size=4096 next build --webpack

npm : Environment variables loaded from .env
At C:\Users\MD3770\AppData\Local\Temp\ps-script-9fb31141-633e-4021-8500-fb86734e2a59.ps1:78 char:156
+ ...  SilentlyContinue; Start-Sleep -Seconds 1; npm run build 2>&1 | Tee-O ...
+                                                ~~~~~~~~~~~~~~~~~~
    + CategoryInfo          : NotSpecified: (Environment variables loaded from .env:String) [], RemoteException
    + FullyQualifiedErrorId : NativeCommandError
 
Prisma schema loaded from prisma\schema.prisma

โ” Generated Prisma Client (v6.19.0) to .\node_modules\@prisma\client in 5.47s

Start by importing your Prisma Client (See: https://pris.ly/d/importing-client)

Tip: Need your database queries to be 1000x faster? Accelerate offers you that and more: https://pris.ly/tip-2-accelerate

โ  No build cache found. Please configure build caching for faster rebuilds. Read more: https://nextjs.org/docs/messages/no-cache
   โ–ฒ Next.js 16.0.1 (webpack)
   - Environments: .env.local, .env

   Creating an optimized production build ...
 โ“ Compiled successfully in 3.5min
   Running TypeScript ...
   Collecting page data ...
Error: Failed to collect configuration for /plugin-hub
    at ignore-listed frames {
  [cause]: TypeError: Cannot read properties of undefined (reading 'definition')
      at ignore-listed frames
}

> Build error occurred
Error: Failed to collect page data for /plugin-hub
    at ignore-listed frames {
  type: 'Error'
}
