Starting Studio Permissions Verification...
node : Test Failed: Pr
ismaClientValidationEr
ror: 
At line:1 char:1
+ node verify_studio_p
ermissions.js > 
test_output.txt 2>&1
+ ~~~~~~~~~~~~~~~~~~~~
~~~~~~~~~~~~~~~~~~~~~~
~~~~~~~~~~~~~~
    + CategoryInfo    
          : NotSpeci  
  fied: (Test Faile   
 d: Pr...lidationE    
rror: :String) []    
, RemoteException
    + FullyQualifiedE 
   rrorId : NativeCo  
  mmandError
 
Invalid `prisma.user.c
reate()` invocation in
E:\GitCloneProject\mdm
\verify_studio_permiss
ions.js:11:37

   8 try {
   9   // 1. Setup 
Test Data
  10   const email = `
test_owner_${Date.now(
)}@example.com`;
ΓåÆ 11   const userA 
= await 
prisma.user.create({
         data: {
           email: "tes
t_owner_1768649562585@
example.com",
           
password_hash: "hash",
           role: 
"user",
       +   name: 
String
         }
       })

Argument `name` is 
missing.
    at Nn (E:\GitClone
Project\mdm\node_modul
es\@prisma\client\runt
ime\library.js:29:1363
)
    at 
ei.handleRequestError 
(E:\GitCloneProject\md
m\node_modules\@prisma
\client\runtime\librar
y.js:121:6911)
    at ei.handleAndLog
RequestError (E:\GitCl
oneProject\mdm\node_mo
dules\@prisma\client\r
untime\library.js:121:
6593)
    at ei.request (E:\
GitCloneProject\mdm\no
de_modules\@prisma\cli
ent\runtime\library.js
:121:6300)
    at async a (E:\Git
CloneProject\mdm\node_
modules\@prisma\client
\runtime\library.js:13
0:9551)
    at async runTest (
E:\GitCloneProject\mdm
\verify_studio_permiss
ions.js:11:19) {
  clientVersion: 
'6.19.0'
}
