
Running 4 tests using 4 workers

  โ  1 [chromium] โ€บ e2e\simple-automation.spec.ts:7:7 โ€บ Simple Application Tests โ€บ should load login page (6ms)
  โ  2 [chromium] โ€บ e2e\simple-automation.spec.ts:110:7 โ€บ Simple Application Tests โ€บ should check page accessibility (7ms)
  โ  3 [chromium] โ€บ e2e\simple-automation.spec.ts:37:7 โ€บ Simple Application Tests โ€บ should have login form elements (7ms)
  โ  4 [chromium] โ€บ e2e\simple-automation.spec.ts:73:7 โ€บ Simple Application Tests โ€บ should handle invalid login attempt (6ms)


  1) [chromium] โ€บ e2e\simple-automation.spec.ts:7:7 โ€บ Simple Application Tests โ€บ should load login page 

    Error: browserType.launch: Executable doesn't exist at C:\Users\Zenbook\AppData\Local\ms-playwright\chromium_headless_shell-1200\chrome-headless-shell-win64\chrome-headless-shell.exe
    โ•”โ•โ•โ•โ•โ•โ•โ•โ•โ•โ•โ•โ•โ•โ•โ•โ•โ•โ•โ•โ•โ•โ•โ•โ•โ•โ•โ•โ•โ•โ•โ•โ•โ•โ•โ•โ•โ•โ•โ•โ•โ•โ•โ•โ•โ•โ•โ•โ•โ•โ•โ•โ•โ•โ•โ•โ•โ•โ•โ•โ•โ•โ•โ•โ•โ•โ•โ•โ•โ•โ•โ•โ•โ•โ•—
    โ•‘ Looks like Playwright Test or Playwright was just installed or updated. โ•‘
    โ•‘ Please run the following command to download new browsers:              โ•‘
    โ•‘                                                                         โ•‘
    โ•‘     npx playwright install                                              โ•‘
    โ•‘                                                                         โ•‘
    โ•‘ <3 Playwright Team                                                      โ•‘
    โ•โ•โ•โ•โ•โ•โ•โ•โ•โ•โ•โ•โ•โ•โ•โ•โ•โ•โ•โ•โ•โ•โ•โ•โ•โ•โ•โ•โ•โ•โ•โ•โ•โ•โ•โ•โ•โ•โ•โ•โ•โ•โ•โ•โ•โ•โ•โ•โ•โ•โ•โ•โ•โ•โ•โ•โ•โ•โ•โ•โ•โ•โ•โ•โ•โ•โ•โ•โ•โ•โ•โ•โ•โ•โ•

  2) [chromium] โ€บ e2e\simple-automation.spec.ts:37:7 โ€บ Simple Application Tests โ€บ should have login form elements 

    Error: browserType.launch: Executable doesn't exist at C:\Users\Zenbook\AppData\Local\ms-playwright\chromium_headless_shell-1200\chrome-headless-shell-win64\chrome-headless-shell.exe
    โ•”โ•โ•โ•โ•โ•โ•โ•โ•โ•โ•โ•โ•โ•โ•โ•โ•โ•โ•โ•โ•โ•โ•โ•โ•โ•โ•โ•โ•โ•โ•โ•โ•โ•โ•โ•โ•โ•โ•โ•โ•โ•โ•โ•โ•โ•โ•โ•โ•โ•โ•โ•โ•โ•โ•โ•โ•โ•โ•โ•โ•โ•โ•โ•โ•โ•โ•โ•โ•โ•โ•โ•โ•โ•โ•—
    โ•‘ Looks like Playwright Test or Playwright was just installed or updated. โ•‘
    โ•‘ Please run the following command to download new browsers:              โ•‘
    โ•‘                                                                         โ•‘
    โ•‘     npx playwright install                                              โ•‘
    โ•‘                                                                         โ•‘
    โ•‘ <3 Playwright Team                                                      โ•‘
    โ•โ•โ•โ•โ•โ•โ•โ•โ•โ•โ•โ•โ•โ•โ•โ•โ•โ•โ•โ•โ•โ•โ•โ•โ•โ•โ•โ•โ•โ•โ•โ•โ•โ•โ•โ•โ•โ•โ•โ•โ•โ•โ•โ•โ•โ•โ•โ•โ•โ•โ•โ•โ•โ•โ•โ•โ•โ•โ•โ•โ•โ•โ•โ•โ•โ•โ•โ•โ•โ•โ•โ•โ•โ•โ•

  3) [chromium] โ€บ e2e\simple-automation.spec.ts:73:7 โ€บ Simple Application Tests โ€บ should handle invalid login attempt 

    Error: browserType.launch: Executable doesn't exist at C:\Users\Zenbook\AppData\Local\ms-playwright\chromium_headless_shell-1200\chrome-headless-shell-win64\chrome-headless-shell.exe
    โ•”โ•โ•โ•โ•โ•โ•โ•โ•โ•โ•โ•โ•โ•โ•โ•โ•โ•โ•โ•โ•โ•โ•โ•โ•โ•โ•โ•โ•โ•โ•โ•โ•โ•โ•โ•โ•โ•โ•โ•โ•โ•โ•โ•โ•โ•โ•โ•โ•โ•โ•โ•โ•โ•โ•โ•โ•โ•โ•โ•โ•โ•โ•โ•โ•โ•โ•โ•โ•โ•โ•โ•โ•โ•โ•—
    โ•‘ Looks like Playwright Test or Playwright was just installed or updated. โ•‘
    โ•‘ Please run the following command to download new browsers:              โ•‘
    โ•‘                                                                         โ•‘
    โ•‘     npx playwright install                                              โ•‘
    โ•‘                                                                         โ•‘
    โ•‘ <3 Playwright Team                                                      โ•‘
    โ•โ•โ•โ•โ•โ•โ•โ•โ•โ•โ•โ•โ•โ•โ•โ•โ•โ•โ•โ•โ•โ•โ•โ•โ•โ•โ•โ•โ•โ•โ•โ•โ•โ•โ•โ•โ•โ•โ•โ•โ•โ•โ•โ•โ•โ•โ•โ•โ•โ•โ•โ•โ•โ•โ•โ•โ•โ•โ•โ•โ•โ•โ•โ•โ•โ•โ•โ•โ•โ•โ•โ•โ•โ•โ•

  4) [chromium] โ€บ e2e\simple-automation.spec.ts:110:7 โ€บ Simple Application Tests โ€บ should check page accessibility 

    Error: browserType.launch: Executable doesn't exist at C:\Users\Zenbook\AppData\Local\ms-playwright\chromium_headless_shell-1200\chrome-headless-shell-win64\chrome-headless-shell.exe
    โ•”โ•โ•โ•โ•โ•โ•โ•โ•โ•โ•โ•โ•โ•โ•โ•โ•โ•โ•โ•โ•โ•โ•โ•โ•โ•โ•โ•โ•โ•โ•โ•โ•โ•โ•โ•โ•โ•โ•โ•โ•โ•โ•โ•โ•โ•โ•โ•โ•โ•โ•โ•โ•โ•โ•โ•โ•โ•โ•โ•โ•โ•โ•โ•โ•โ•โ•โ•โ•โ•โ•โ•โ•โ•โ•—
    โ•‘ Looks like Playwright Test or Playwright was just installed or updated. โ•‘
    โ•‘ Please run the following command to download new browsers:              โ•‘
    โ•‘                                                                         โ•‘
    โ•‘     npx playwright install                                              โ•‘
    โ•‘                                                                         โ•‘
    โ•‘ <3 Playwright Team                                                      โ•‘
    โ•โ•โ•โ•โ•โ•โ•โ•โ•โ•โ•โ•โ•โ•โ•โ•โ•โ•โ•โ•โ•โ•โ•โ•โ•โ•โ•โ•โ•โ•โ•โ•โ•โ•โ•โ•โ•โ•โ•โ•โ•โ•โ•โ•โ•โ•โ•โ•โ•โ•โ•โ•โ•โ•โ•โ•โ•โ•โ•โ•โ•โ•โ•โ•โ•โ•โ•โ•โ•โ•โ•โ•โ•โ•โ•

  4 failed
    [chromium] โ€บ e2e\simple-automation.spec.ts:7:7 โ€บ Simple Application Tests โ€บ should load login page 
    [chromium] โ€บ e2e\simple-automation.spec.ts:37:7 โ€บ Simple Application Tests โ€บ should have login form elements 
    [chromium] โ€บ e2e\simple-automation.spec.ts:73:7 โ€บ Simple Application Tests โ€บ should handle invalid login attempt 
    [chromium] โ€บ e2e\simple-automation.spec.ts:110:7 โ€บ Simple Application Tests โ€บ should check page accessibility 
